---
title: 变量、流程控制、游标与触发器
date: 2023-11-02 10:06:04
permalink: /mysql/c3ee05/
categories:
  - 数据库
  - MySQL
tags:
  - MySQL
author: Manaphy
---
# 变量、流程控制、游标与触发器

## 1. 变量

在MySQL数据库的存储过程和函数中，可以使用变量来存储查询或计算的中间结果数据，或者输出最终的结果数据。

在 MySQL 数据库中，变量分为`系统变量`以及`用户自定义变量`。

### 1.1 系统变量
#### 1.1.1 系统变量分类
变量由系统定义，不是用户定义，属于`服务器`层面。启动MySQL服务，生成MySQL服务实例期间，MySQL将为MySQL服务器内存中的系统变量赋值，这些系统变量定义了当前MySQL服务实例的属性、特征。这些系统变量的值要么是`编译MySQL时参数`的默认值，要么是`配置文件`（例如my.ini等）中的参数值。大家可以通过网址 [https://dev.mysql.com/doc/refman/8.0/en/server-system-variables.html](https://dev.mysql.com/doc/refman/8.0/en/server-system-variables.html) 查看MySQL文档的系统变量。

系统变量分为全局系统变量（需要添加`global` 关键字）以及会话系统变量（需要添加 `session` 关键字），有时也把全局系统变量简称为全局变量，有时也把会话系统变量称为local变量。**如果不写，默认会话级别。** 静态变量（在 MySQL 服务实例运行期间它们的值不能使用 set 动态修改）属于特殊的全局系统变量。

每一个MySQL客户机成功连接MySQL服务器后，都会产生与之对应的会话。会话期间，MySQL服务实例会在MySQL服务器内存中生成与该会话对应的会话系统变量，这些会话系统变量的初始值是全局系统变量值的复制。如下图：

![image.png](./assets/IECohW.png)

- 全局系统变量针对于所有会话（连接）有效，但`不能跨重启`
- 会话系统变量仅针对于当前会话（连接）有效。会话期间，当前会话对某个会话系统变量值的修改，不会影响其他会话同一个会话系统变量的值。
- 会话1对某个全局系统变量值的修改会导致会话2中同一个全局系统变量值的修改。

在MySQL中有些系统变量只能是全局的，例如 max_connections 用于限制服务器的最大连接数；有些系统变量作用域既可以是全局又可以是会话，例如 character_set_client 用于设置客户端的字符集；有些系统变量的作用域只能是当前会话，例如 pseudo_thread_id 用于标记当前会话的 MySQL 连接 ID。
#### 1.1.2 查看系统变量

- **查看所有或部分系统变量**
```sql
-- 查看所有全局变量
SHOW GLOBAL VARIABLES;

-- 查看所有会话变量
SHOW SESSION VARIABLES;
或
SHOW VARIABLES;

-- 查看满足条件的部分系统变量。
SHOW GLOBAL VARIABLES LIKE '%标识符%';

-- 查看满足条件的部分会话变量
SHOW SESSION VARIABLES LIKE '%标识符%';
```
举例：
```sql
SHOW GLOBAL VARIABLES LIKE 'admin_%';
```

- **查看指定系统变量**

作为 MySQL 编码规范，MySQL 中的系统变量以`两个“@”`开头，其中“@@global”仅用于标记全局系统变量，“@@session”仅用于标记会话系统变量。“@@”首先标记会话系统变量，如果会话系统变量不存在，则标记全局系统变量。
```sql
-- 查看指定的系统变量的值
SELECT @@global.变量名;

-- 查看指定的会话变量的值
SELECT @@session.变量名;
-- 或者
SELECT @@变量名;
```

- **修改系统变量的值**

有些时候，数据库管理员需要修改系统变量的默认值，以便修改当前会话或者MySQL服务实例的属性、特征。具体方法：

方式1：修改MySQL`配置文件`，继而修改MySQL系统变量的值（该方法需要重启MySQL服务）

方式2：在MySQL服务运行期间，使用“set”命令重新设置系统变量的值

```sql
-- 为某个系统变量赋值
-- 方式1：
SET @@global.变量名=变量值;
-- 方式2：
SET GLOBAL 变量名=变量值;


-- 为某个会话变量赋值
-- 方式1：
SET @@session.变量名=变量值;
-- 方式2：
SET SESSION 变量名=变量值;
```
举例：
```sql
SELECT @@global.autocommit;
SET GLOBAL autocommit=0;

SELECT @@session.tx_isolation;
SET @@session.tx_isolation='read-uncommitted';

SET GLOBAL max_connections = 1000;
SELECT @@global.max_connections;
```
### 1.2 用户变量
#### 1.2.1 用户变量分类
用户变量是用户自己定义的，作为 MySQL 编码规范，MySQL 中的用户变量以`一个“@”`开头。根据作用范围不同，又分为`会话用户变量`和`局部变量`。

-  会话用户变量：作用域和会话变量一样，只对`当前连接`会话有效。 
-  局部变量：只在 BEGIN 和 END 语句块中有效。局部变量只能在`存储过程和函数`中使用。 
#### 1.2.2 会话用户变量

- 变量的定义
```sql
-- 方式1：“=”或“:=”
SET @用户变量 = 值;
SET @用户变量 := 值;

-- 方式2：“:=” 或 INTO关键字
SELECT @用户变量 := 表达式 [FROM 等子句];
SELECT 表达式 INTO @用户变量  [FROM 等子句];
```

- 查看用户变量的值 （查看、比较、运算等）
```sql
SELECT @用户变量
```

- 举例
```sql
SET @a = 1;
SELECT @a;

SELECT @num := COUNT(*) FROM employee;
SELECT @num;

SELECT AVG(salary) INTO @avgsalary FROM employee;
SELECT @avgsalary;

SELECT @big;  #查看某个未声明的变量时，将得到NULL值
```
#### 1.2.3 局部变量
定义：可以使用`DECLARE`语句定义一个局部变量

作用域：仅仅在定义它的 BEGIN ... END 中有效

位置：只能放在 BEGIN ... END 中，而且只能放在第一句
```sql
BEGIN
	-- 声明局部变量
	DECLARE 变量名1 变量数据类型 [DEFAULT 变量默认值];
	DECLARE 变量名2,变量名3,... 变量数据类型 [DEFAULT 变量默认值];

	-- 为局部变量赋值
	SET 变量名1 = 值;
	SELECT 值 INTO 变量名2 [FROM 子句];

	-- 查看局部变量的值
	SELECT 变量1,变量2,变量3;
END
```
**1.定义变量**
```sql
DECLARE 变量名 类型 [default 值];  -- 如果没有DEFAULT子句，初始值为NULL
-- 举例
DECLARE　myparam　INT　DEFAULT 100;
```
**2.变量赋值**
```sql
-- 方式1：一般用于赋简单的值
SET 变量名=值;
SET 变量名:=值;
-- 方式2：一般用于赋表中的字段值
SELECT 字段名或表达式 INTO 变量名 FROM 表;
```
**3.使用变量**（查看、比较、运算等）
```sql
SELECT 局部变量名;
```
举例1：声明局部变量，并分别赋值为employee表中employee_id为102的last_name和salary
```sql
DELIMITER //

CREATE PROCEDURE set_value()
BEGIN
	DECLARE emp_name VARCHAR(25);
	DECLARE sal DOUBLE(10,2);
	
	SELECT last_name,salary INTO emp_name,sal
	FROM employee 
	WHERE employee_id = 102;
	
	SELECT emp_name,sal;
END //

DELIMITER ;
```
举例2：声明两个变量，求和并打印 （分别使用会话用户变量、局部变量的方式实现）
```sql
#方式1：使用用户变量
SET @m=1;
SET @n=1;
SET @sum=@m+@n;

SELECT @sum;
```
```sql
#方式2：使用局部变量
DELIMITER //

CREATE PROCEDURE add_value()
BEGIN
	#局部变量
	DECLARE m INT DEFAULT 1;
	DECLARE n INT DEFAULT 3;
	DECLARE SUM INT;
	
	SET SUM = m+n;
	SELECT SUM;
END //

DELIMITER ;
```
举例3：创建存储过程“different_salary”查询某员工和他领导的薪资差距，并用IN参数emp_id接收员工id，用OUT参数dif_salary输出薪资差距结果。
```sql
#声明
DELIMITER //

CREATE PROCEDURE different_salary(IN emp_id INT,OUT dif_salary DOUBLE)
BEGIN
	#声明局部变量
	DECLARE emp_sal,mgr_sal DOUBLE DEFAULT 0.0;
	DECLARE mgr_id INT;
	
	SELECT salary INTO emp_sal FROM employee WHERE employee_id = emp_id;
	SELECT manager_id INTO mgr_id FROM employee WHERE employee_id = emp_id;
	SELECT salary INTO mgr_sal FROM employee WHERE employee_id = mgr_id;
	SET dif_salary = mgr_sal - emp_sal;

END //

DELIMITER ;

#调用
SET @emp_id = 102;
CALL different_salary(@emp_id,@diff_sal);


#查看
SELECT @diff_sal;
```
#### 1.2.4 对比会话用户变量与局部变量
|  | **作用域** | **定义位置** | **语法** |
| :-- | :-- | :-- | :-- |
| 会话用户变量 | 当前会话 | 会话的任何地方 | 加@符号，不用指定类型 |
| 局部变量 | 定义它的BEGIN END中 | BEGIN END的第一句话 | 一般不用加@,需要指定类型 |

### 1.3 全局变量的持久化(8.0新特性)

在MySQL数据库中，全局变量可以通过SET GLOBAL语句来设置。例如，设置服务器语句超时的限制，可以通过设置系统变量max_execution_time来实现：

```sql
SET GLOBAL MAX_EXECUTION_TIME=2000;
```

使用SET GLOBAL语句设置的变量值只会`临时生效`。`数据库重启`后，服务器又会从MySQL配置文件中读取变量的默认值。

MySQL 8.0版本新增了`SET PERSIST`命令。例如，设置服务器的最大连接数为1000：

```sql
SET PERSIST max_connections = 1000;
```

MySQL会将该命令的配置保存到数据目录下的`mysqld-auto.cnf`文件中，下次启动时会读取该文件，用其中的配置来覆盖默认的配置文件。

举例：

查看全局变量max_connections的值，结果如下：

```sql
mysql> show variables like '%max_connections%';
+------------------------+-------+
| Variable_name          | Value |
+------------------------+-------+
| max_connections        | 151   |
| mysqlx_max_connections | 100   |
+------------------------+-------+
```

设置全局变量max_connections的值：

```sql
set persist max_connections=1000;
```

`重启MySQL服务器`，再次查询max_connections的值：

```sql
mysql> show variables like '%max_connections%';
+------------------------+-------+
| Variable_name          | Value |
+------------------------+-------+
| max_connections        | 1000  |
| mysqlx_max_connections | 100   |
+------------------------+-------+
```

## 2. 定义条件与处理程序

>`定义条件`是事先定义程序执行过程中可能遇到的问题，`处理程序`定义了在遇到问题时应当采取的处理方式，并且保证存储过程或函数在遇到警告或错误时能继续执行。这样可以增强存储程序处理问题的能力，避免程序异常停止运行。
>
>说明：定义条件和处理程序在存储过程、存储函数中都是支持的。

### 2.1 案例分析
**案例分析：** 创建一个名称为“UpdateDataNoCondition”的存储过程。代码如下：

```sql
DELIMITER //

CREATE PROCEDURE UpdateDataNoCondition()
	BEGIN
		SET @x = 1;
		UPDATE employee SET email = NULL WHERE last_name = 'Abel';
		SET @x = 2;
		UPDATE employee SET email = 'aabbel' WHERE last_name = 'Abel';
		SET @x = 3;
	END //

DELIMITER ;
```
调用存储过程：
```sql
mysql> CALL UpdateDataNoCondition();
ERROR 1048 (23000): Column 'email' cannot be null

mysql> SELECT @x;
+------+
| @x   |
+------+
|   1  |
+------+
```
可以看到，此时@x变量的值为1。结合创建存储过程的SQL语句代码可以得出：在存储过程中未定义条件和处理程序，且当存储过程中执行的SQL语句报错时，MySQL数据库会抛出错误，并退出当前SQL逻辑，不再向下继续执行。
### 2.2 定义条件
定义条件就是给MySQL中的错误码命名，这有助于存储的程序代码更清晰。它将一个`错误名字`和`指定的错误条件`关联起来。这个名字可以随后被用在定义处理程序的`DECLARE HANDLER`语句中。

定义条件使用DECLARE语句，语法格式如下：
```sql
DECLARE 错误名称 CONDITION FOR 错误码（或错误条件）
```
错误码的说明：

- `MySQL_error_code`和`sqlstate_value`都可以表示MySQL的错误。 
   - MySQL_error_code是数值类型错误代码。
   - sqlstate_value是长度为5的字符串类型错误代码。
- 例如，在ERROR 1418 (HY000)中，1418是MySQL_error_code，'HY000'是sqlstate_value。
- 例如，在ERROR 1142（42000）中，1142是MySQL_error_code，'42000'是sqlstate_value。

**举例1：** 定义“Field_Not_Be_NULL”错误名与MySQL中违反非空约束的错误类型是“ERROR 1048 (23000)”对应。

```sql
-- 使用MySQL_error_code
DECLARE Field_Not_Be_NULL CONDITION FOR 1048;

-- 使用sqlstate_value
DECLARE Field_Not_Be_NULL CONDITION FOR SQLSTATE '23000';
```
**举例2：** 定义"ERROR 1148(42000)"错误，名称为command_not_allowed。

```sql
#使用MySQL_error_code
DECLARE command_not_allowed CONDITION FOR 1148;

#使用sqlstate_value
DECLARE command_not_allowed CONDITION FOR SQLSTATE '42000';
```
### 2.3 定义处理程序
可以为SQL执行过程中发生的某种类型的错误定义特殊的处理程序。定义处理程序时，使用DECLARE语句的语法如下：
```sql
DECLARE 处理方式 HANDLER FOR 错误类型 处理语句
```

- **处理方式**：处理方式有3个取值：CONTINUE、EXIT、UNDO。 
   - `CONTINUE`：表示遇到错误不处理，继续执行。
   - `EXIT`：表示遇到错误马上退出。
   - `UNDO`：表示遇到错误后撤回之前的操作。MySQL中暂时不支持这样的操作。
- **错误类型**（即条件）可以有如下取值： 
   - `SQLSTATE '字符串错误码'`：表示长度为5的sqlstate_value类型的错误代码；
   - `MySQL_error_code`：匹配数值类型错误代码；
   - `错误名称`：表示DECLARE ... CONDITION定义的错误条件名称。
   - `SQLWARNING`：匹配所有以01开头的SQLSTATE错误代码；
   - `NOT FOUND`：匹配所有以02开头的SQLSTATE错误代码；
   - `SQLEXCEPTION`：匹配所有没有被SQLWARNING或NOT FOUND捕获的SQLSTATE错误代码；
- **处理语句**：如果出现上述条件之一，则采用对应的处理方式，并执行指定的处理语句。语句可以是像“`SET 变量 = 值`”这样的简单语句，也可以是使用`BEGIN ... END`编写的复合语句。

定义处理程序的几种方式，代码如下：
```sql
-- 方法1：捕获sqlstate_value
DECLARE CONTINUE HANDLER FOR SQLSTATE '42S02' SET @info = 'NO_SUCH_TABLE';

-- 方法2：捕获mysql_error_value
DECLARE CONTINUE HANDLER FOR 1146 SET @info = 'NO_SUCH_TABLE';

-- 方法3：先定义条件，再调用
DECLARE no_such_table CONDITION FOR 1146;
DECLARE CONTINUE HANDLER FOR NO_SUCH_TABLE SET @info = 'NO_SUCH_TABLE';

-- 方法4：使用SQLWARNING
DECLARE EXIT HANDLER FOR SQLWARNING SET @info = 'ERROR';

-- 方法5：使用NOT FOUND
DECLARE EXIT HANDLER FOR NOT FOUND SET @info = 'NO_SUCH_TABLE';

-- 方法6：使用SQLEXCEPTION
DECLARE EXIT HANDLER FOR SQLEXCEPTION SET @info = 'ERROR';
```
### 2.4 案例解决
在存储过程中，定义处理程序，捕获sqlstate_value值，当遇到MySQL_error_code值为1048时，执行CONTINUE操作，并且将@proc_value的值设置为-1。
```sql
DELIMITER //

CREATE PROCEDURE UpdateDataNoCondition()
	BEGIN
		#定义处理程序
		DECLARE CONTINUE HANDLER FOR 1048 SET @proc_value = -1;
		
		SET @x = 1;
		UPDATE employee SET email = NULL WHERE last_name = 'Abel';
		SET @x = 2;
		UPDATE employee SET email = 'aabbel' WHERE last_name = 'Abel';
		SET @x = 3;
	END //

DELIMITER ;
```
调用过程：
```sql
mysql> CALL UpdateDataWithCondition();
Query OK, 0 rows affected (0.01 sec)

mysql> SELECT @x,@proc_value;
+------+-------------+
| @x   | @proc_value |
+------+-------------+
|    3 |       	 -1  |
+------+-------------+
1 row in set (0.00 sec)
```
**举例：**

创建一个名称为“InsertDataWithCondition”的存储过程，代码如下。

在存储过程中，定义处理程序，捕获sqlstate_value值，当遇到sqlstate_value值为23000时，执行EXIT操作，并且将@proc_value的值设置为-1。
```sql
#准备工作
CREATE TABLE departments
AS
SELECT * FROM atguigudb.`departments`;

ALTER TABLE departments
ADD CONSTRAINT uk_dept_name UNIQUE(department_id);
```
```sql
DELIMITER //

CREATE PROCEDURE InsertDataWithCondition()
	BEGIN
		DECLARE duplicate_entry CONDITION FOR SQLSTATE '23000' ;
		DECLARE EXIT HANDLER FOR duplicate_entry SET @proc_value = -1;
		
		SET @x = 1;
		INSERT INTO departments(department_name) VALUES('测试');
		SET @x = 2;
		INSERT INTO departments(department_name) VALUES('测试');
		SET @x = 3;
	END //

DELIMITER ;
```
调用存储过程：
```sql
mysql> CALL InsertDataWithCondition();
Query OK, 0 rows affected (0.01 sec)

mysql> SELECT @x,@proc_value;
+------+-------------+
| @x   | @proc_value |
+------+-------------+
|    2 |       	 -1  |
+------+-------------+
```
## 3. 流程控制
解决复杂问题不可能通过一个 SQL 语句完成，我们需要执行多个 SQL 操作。流程控制语句的作用就是控制存储过程中 SQL 语句的执行顺序，是我们完成复杂操作必不可少的一部分。只要是执行的程序，流程就分为三大类：

- `顺序结构`：程序从上往下依次执行
- `分支结构`：程序按条件进行选择执行，从两条或多条路径中选择一条执行
- `循环结构`：程序满足一定条件下，重复执行一组语句

针对于MySQL 的流程控制语句主要有 3 类。注意：只能用于存储程序。

- `条件判断语句`：IF 语句和 CASE 语句
- `循环语句`：LOOP、WHILE 和 REPEAT 语句
- `跳转语句`：ITERATE 和 LEAVE 语句
### 3.1 分支结构之 IF

- IF 语句的语法结构是：
```sql
IF 表达式1 THEN 操作1
[ELSEIF 表达式2 THEN 操作2]……
[ELSE 操作N]
END IF
```
根据表达式的结果为TRUE或FALSE执行相应的语句。这里“[]”中的内容是可选的。

-  特点：① 不同的表达式对应不同的操作 ② 使用在begin end中 
-  **举例1：**  
```sql
IF val IS NULL 
	THEN SELECT 'val is null';
ELSE SELECT 'val is not null';

END IF;
```

-  **举例2：** 声明存储过程“update_salary_by_eid1”，定义IN参数emp_id，输入员工编号。判断该员工薪资如果低于8000元并且入职时间超过5年，就涨薪500元；否则就不变。  
```sql
DELIMITER //

CREATE PROCEDURE update_salary_by_eid1(IN emp_id INT)
BEGIN
	DECLARE emp_salary DOUBLE;
	DECLARE hire_year DOUBLE;

	SELECT salary INTO emp_salary FROM employee WHERE employee_id = emp_id;

	SELECT DATEDIFF(CURDATE(),hire_date)/365 INTO hire_year
	FROM employee WHERE employee_id = emp_id;

	IF emp_salary < 8000 AND hire_year > 5
	THEN UPDATE employee SET salary = salary + 500 WHERE employee_id = emp_id;
	END IF;
END //


DELIMITER ;
```

-  **举例3：** 声明存储过程“update_salary_by_eid2”，定义IN参数emp_id，输入员工编号。判断该员工薪资如果低于9000元并且入职时间超过5年，就涨薪500元；否则就涨薪100元。  
```sql
DELIMITER //

CREATE PROCEDURE update_salary_by_eid2(IN emp_id INT)
BEGIN
	DECLARE emp_salary DOUBLE;
	DECLARE hire_year DOUBLE;

	SELECT salary INTO emp_salary FROM employee WHERE employee_id = emp_id;

	SELECT DATEDIFF(CURDATE(),hire_date)/365 INTO hire_year
	FROM employee WHERE employee_id = emp_id;

	IF emp_salary < 8000 AND hire_year > 5
		THEN UPDATE employee SET salary = salary + 500 WHERE employee_id = emp_id;
	ELSE 
		UPDATE employee SET salary = salary + 100 WHERE employee_id = emp_id;
	END IF;
END //


DELIMITER ;
```

-  **举例4：** 声明存储过程“update_salary_by_eid3”，定义IN参数emp_id，输入员工编号。判断该员工薪资如果低于9000元，就更新薪资为9000元；薪资如果大于等于9000元且低于10000的，但是奖金比例为NULL的，就更新奖金比例为0.01；其他的涨薪100元。  
```sql
DELIMITER //

CREATE PROCEDURE update_salary_by_eid3(IN emp_id INT)
BEGIN
	DECLARE emp_salary DOUBLE;
	DECLARE bonus DECIMAL(3,2);

	SELECT salary INTO emp_salary FROM employee WHERE employee_id = emp_id;
	SELECT commission_pct INTO bonus FROM employee WHERE employee_id = emp_id;

	IF emp_salary < 9000
		THEN UPDATE employee SET salary = 9000 WHERE employee_id = emp_id;
	ELSEIF emp_salary < 10000 AND bonus IS NULL
		THEN UPDATE employee SET commission_pct = 0.01 WHERE employee_id = emp_id;
	ELSE
		UPDATE employee SET salary = salary + 100 WHERE employee_id = emp_id;
	END IF;
END //

DELIMITER ;
```
### 3.2 分支结构之 CASE
CASE 语句的语法结构1：
```sql
-- 情况一：类似于switch
CASE 表达式
WHEN 值1 THEN 结果1或语句1(如果是语句，需要加分号) 
WHEN 值2 THEN 结果2或语句2(如果是语句，需要加分号)
...
ELSE 结果n或语句n(如果是语句，需要加分号)
END [case]（如果是放在begin end中需要加上case，如果放在select后面不需要）
```
CASE 语句的语法结构2：
```sql
#情况二：类似于多重if
CASE 
WHEN 条件1 THEN 结果1或语句1(如果是语句，需要加分号) 
WHEN 条件2 THEN 结果2或语句2(如果是语句，需要加分号)
...
ELSE 结果n或语句n(如果是语句，需要加分号)
END [case]（如果是放在begin end中需要加上case，如果放在select后面不需要）
```

- **举例1：**

使用CASE流程控制语句的第1种格式，判断val值等于1、等于2，或者两者都不等。
```sql
CASE val
　　　WHEN 1 THEN SELECT 'val is 1';
　　　WHEN 2 THEN SELECT 'val is 2';
　　　ELSE SELECT 'val is not 1 or 2';
END CASE;
```

- **举例2：**

使用CASE流程控制语句的第2种格式，判断val是否为空、小于0、大于0或者等于0。
```sql
CASE
	WHEN val IS NULL THEN SELECT 'val is null';
	WHEN val < 0 THEN SELECT 'val is less than 0';
	WHEN val > 0 THEN SELECT 'val is greater than 0';
	ELSE SELECT 'val is 0';
END CASE;
```

- **举例3：** 声明存储过程“update_salary_by_eid4”，定义IN参数emp_id，输入员工编号。判断该员工薪资如果低于9000元，就更新薪资为9000元；薪资大于等于9000元且低于10000的，但是奖金比例为NULL的，就更新奖金比例为0.01；其他的涨薪100元。
```sql
DELIMITER //

CREATE PROCEDURE update_salary_by_eid4(IN emp_id INT)
BEGIN
	DECLARE emp_sal DOUBLE;
	DECLARE bonus DECIMAL(3,2);

	SELECT salary INTO emp_sal FROM employee WHERE employee_id = emp_id;
	SELECT commission_pct INTO bonus FROM employee WHERE employee_id = emp_id;

	CASE
	WHEN emp_sal<9000
		THEN UPDATE employee SET salary=9000 WHERE employee_id = emp_id;
	WHEN emp_sal<10000 AND bonus IS NULL
		THEN UPDATE employee SET commission_pct=0.01 WHERE employee_id = emp_id;
	ELSE
		UPDATE employee SET salary=salary+100 WHERE employee_id = emp_id;
	END CASE;
END //

DELIMITER ;
```

- **举例4：** 声明存储过程update_salary_by_eid5，定义IN参数emp_id，输入员工编号。判断该员工的入职年限，如果是0年，薪资涨50；如果是1年，薪资涨100；如果是2年，薪资涨200；如果是3年，薪资涨300；如果是4年，薪资涨400；其他的涨薪500。
```sql
DELIMITER //

CREATE PROCEDURE update_salary_by_eid5(IN emp_id INT)
BEGIN
	DECLARE emp_sal DOUBLE;
	DECLARE hire_year DOUBLE;

	SELECT salary INTO emp_sal FROM employee WHERE employee_id = emp_id;
	
	SELECT ROUND(DATEDIFF(CURDATE(),hire_date)/365) INTO hire_year FROM employee WHERE employee_id = emp_id;

	CASE hire_year
		WHEN 0 THEN UPDATE employee SET salary=salary+50 WHERE employee_id = emp_id;
		WHEN 1 THEN UPDATE employee SET salary=salary+100 WHERE employee_id = emp_id;
		WHEN 2 THEN UPDATE employee SET salary=salary+200 WHERE employee_id = emp_id;
		WHEN 3 THEN UPDATE employee SET salary=salary+300 WHERE employee_id = emp_id;
		WHEN 4 THEN UPDATE employee SET salary=salary+400 WHERE employee_id = emp_id;
		ELSE UPDATE employee SET salary=salary+500 WHERE employee_id = emp_id;
	END CASE;
END //

DELIMITER ;
```
### 3.3 循环结构之LOOP
LOOP循环语句用来重复执行某些语句。LOOP内的语句一直重复执行直到循环被退出（使用LEAVE子句），跳出循环过程。

LOOP语句的基本格式如下：
```sql
[loop_label:] LOOP
	循环执行的语句
END LOOP [loop_label]
```
其中，loop_label表示LOOP语句的标注名称，该参数可以省略。

**举例1：**

使用LOOP语句进行循环操作，id值小于10时将重复执行循环过程。
```sql
DECLARE id INT DEFAULT 0;
add_loop:LOOP
	SET id = id +1;
	IF id >= 10 THEN LEAVE add_loop;
	END IF;

END LOOP add_loop;
```
**举例2：** 当市场环境变好时，公司为了奖励大家，决定给大家涨工资。声明存储过程“update_salary_loop()”，声明OUT参数num，输出循环次数。存储过程中实现循环给大家涨薪，薪资涨为原来的1.1倍。直到全公司的平均薪资达到12000结束。并统计循环次数。

```sql
DELIMITER //

CREATE PROCEDURE update_salary_loop(OUT num INT)
BEGIN
	DECLARE avg_salary DOUBLE;
	DECLARE loop_count INT DEFAULT 0;
	
	SELECT AVG(salary) INTO avg_salary FROM employee;
	
	label_loop:LOOP
		IF avg_salary >= 12000 THEN LEAVE label_loop;
		END IF;
		
		UPDATE employee SET salary = salary * 1.1;
		SET loop_count = loop_count + 1;
		SELECT AVG(salary) INTO avg_salary FROM employee;
	END LOOP label_loop;
	
	SET num = loop_count;

END //

DELIMITER ;
```
### 3.4 循环结构之WHILE
WHILE语句创建一个带条件判断的循环过程。WHILE在执行语句执行时，先对指定的表达式进行判断，如果为真，就执行循环内的语句，否则退出循环。WHILE语句的基本格式如下：
```sql
[while_label:] WHILE 循环条件  DO
	循环体
END WHILE [while_label];
```
while_label为WHILE语句的标注名称；如果循环条件结果为真，WHILE语句内的语句或语句群被执行，直至循环条件为假，退出循环。

**举例1：**

WHILE语句示例，i值小于10时，将重复执行循环过程，代码如下：
```sql
DELIMITER //

CREATE PROCEDURE test_while()
BEGIN	
	DECLARE i INT DEFAULT 0;
	
	WHILE i < 10 DO
		SET i = i + 1;
	END WHILE;
	
	SELECT i;
END //

DELIMITER ;
#调用
CALL test_while();
```
**举例2：** 市场环境不好时，公司为了渡过难关，决定暂时降低大家的薪资。声明存储过程“update_salary_while()”，声明OUT参数num，输出循环次数。存储过程中实现循环给大家降薪，薪资降为原来的90%。直到全公司的平均薪资达到5000结束。并统计循环次数。

```sql
DELIMITER //

CREATE PROCEDURE update_salary_while(OUT num INT)
BEGIN
	DECLARE avg_sal DOUBLE ;
	DECLARE while_count INT DEFAULT 0;
	
	SELECT AVG(salary) INTO avg_sal FROM employee;
	
	WHILE avg_sal > 5000 DO
		UPDATE employee SET salary = salary * 0.9;
		
		SET while_count = while_count + 1;
		
		SELECT AVG(salary) INTO avg_sal FROM employee;
	END WHILE;
	
	SET num = while_count;

END //

DELIMITER ;
```
### 3.5 循环结构之REPEAT
REPEAT语句创建一个带条件判断的循环过程。与WHILE循环不同的是，REPEAT 循环首先会执行一次循环，然后在 UNTIL 中进行表达式的判断，如果满足条件就退出，即 END REPEAT；如果条件不满足，则会就继续执行循环，直到满足退出条件为止。

REPEAT语句的基本格式如下：
```sql
[repeat_label:] REPEAT
　　　　循环体的语句
UNTIL 结束循环的条件表达式
END REPEAT [repeat_label]
```
repeat_label为REPEAT语句的标注名称，该参数可以省略；REPEAT语句内的语句或语句群被重复，直至expr_condition为真。

**举例1：**
```sql
DELIMITER //

CREATE PROCEDURE test_repeat()
BEGIN	
	DECLARE i INT DEFAULT 0;
	
	REPEAT 
		SET i = i + 1;
	UNTIL i >= 10
	END REPEAT;
	
	SELECT i;
END //

DELIMITER ;
```
**举例2：** 当市场环境变好时，公司为了奖励大家，决定给大家涨工资。声明存储过程“update_salary_repeat()”，声明OUT参数num，输出循环次数。存储过程中实现循环给大家涨薪，薪资涨为原来的1.15倍。直到全公司的平均薪资达到13000结束。并统计循环次数。

```sql
DELIMITER //

CREATE PROCEDURE update_salary_repeat(OUT num INT)
BEGIN
	DECLARE avg_sal DOUBLE ;
	DECLARE repeat_count INT DEFAULT 0;
	
	SELECT AVG(salary) INTO avg_sal FROM employee;
	
	REPEAT
		UPDATE employee SET salary = salary * 1.15;
		
		SET repeat_count = repeat_count + 1;
		
		SELECT AVG(salary) INTO avg_sal FROM employee;
	UNTIL avg_sal >= 13000
	END REPEAT;
	
	SET num = repeat_count;
		
END //

DELIMITER ;
```
**对比三种循环结构：**

1、这三种循环都可以省略名称，但如果循环中添加了循环控制语句（LEAVE或ITERATE）则必须添加名称。

2、

LOOP：一般用于实现简单的"死"循环

WHILE：先判断后执行

REPEAT：先执行后判断，无条件至少执行一次
### 3.6 跳转语句之LEAVE语句
LEAVE语句：可以用在循环语句内，或者以 BEGIN 和 END 包裹起来的程序体内，表示跳出循环或者跳出程序体的操作。如果你有面向过程的编程语言的使用经验，你可以把 LEAVE 理解为 break。

基本格式如下：
```sql
LEAVE 标记名
```
其中，label参数表示循环的标志。LEAVE和BEGIN ... END或循环一起被使用。

**举例1：** 创建存储过程 “leave_begin()”，声明INT类型的IN参数num。给BEGIN...END加标记名，并在BEGIN...END中使用IF语句判断num参数的值。

- 如果num<=0，则使用LEAVE语句退出BEGIN...END；
- 如果num=1，则查询“employee”表的平均薪资；
- 如果num=2，则查询“employee”表的最低薪资；
- 如果num>2，则查询“employee”表的最高薪资。

IF语句结束后查询“employee”表的总人数。
```sql
DELIMITER //

CREATE PROCEDURE leave_begin(IN num INT)

	begin_label: BEGIN
		IF num<=0 
			THEN LEAVE begin_label;
		ELSEIF num=1 
			THEN SELECT AVG(salary) FROM employee;
		ELSEIF num=2 
			THEN SELECT MIN(salary) FROM employee;
		ELSE 
			SELECT MAX(salary) FROM employee;
		END IF;
		
		SELECT COUNT(*) FROM employee;
	END //


DELIMITER ;
```
**举例2：**

当市场环境不好时，公司为了渡过难关，决定暂时降低大家的薪资。声明存储过程“leave_while()”，声明OUT参数num，输出循环次数，存储过程中使用WHILE循环给大家降低薪资为原来薪资的90%，直到全公司的平均薪资小于等于10000，并统计循环次数。
```sql
DELIMITER //
CREATE PROCEDURE leave_while(OUT num INT)

BEGIN 

	DECLARE avg_sal DOUBLE;-- 记录平均工资
	DECLARE while_count INT DEFAULT 0; -- 记录循环次数
	
	SELECT AVG(salary) INTO avg_sal FROM employee; -- ① 初始化条件
	
	while_label:WHILE TRUE DO  -- ② 循环条件
		
		-- ③ 循环体
		IF avg_sal <= 10000 THEN
			LEAVE while_label;
		END IF;
		
		UPDATE employee SET salary  = salary * 0.9;
		SET while_count = while_count + 1;
		
		-- ④ 迭代条件
		SELECT AVG(salary) INTO avg_sal FROM employee;
	
	END WHILE;
	
	-- 赋值
	SET num = while_count;

END //

DELIMITER ;
```
### 3.7 跳转语句之ITERATE语句
ITERATE语句：只能用在循环语句（LOOP、REPEAT和WHILE语句）内，表示重新开始循环，将执行顺序转到语句段开头处。如果你有面向过程的编程语言的使用经验，你可以把 ITERATE 理解为 continue，意思为“再次循环”。

语句基本格式如下：
```sql
ITERATE label
```
label参数表示循环的标志。ITERATE语句必须跟在循环标志前面。

**举例：** 定义局部变量num，初始值为0。循环结构中执行num + 1操作。

- 如果num < 10，则继续执行循环；
- 如果num > 15，则退出循环结构；
```sql
DELIMITER //

CREATE PROCEDURE test_iterate()

BEGIN
	DECLARE num INT DEFAULT 0;
	
	my_loop:LOOP
		SET num = num + 1;
	
		IF num < 10 
			THEN ITERATE my_loop;
		ELSEIF num > 15 
			THEN LEAVE my_loop;
		END IF;
	
		SELECT 'hello world';
	
	END LOOP my_loop;

END //

DELIMITER ;
```
## 4. 游标
### 4.1 什么是游标（或光标）
虽然我们也可以通过筛选条件 WHERE 和 HAVING，或者是限定返回记录的关键字 LIMIT 返回一条记录，但是，却无法在结果集中像指针一样，向前定位一条记录、向后定位一条记录，或者是`随意定位到某一条记录`，并对记录的数据进行处理。

这个时候，就可以用到游标。游标，提供了一种灵活的操作方式，让我们能够对结果集中的每一条记录进行定位，并对指向的记录中的数据进行操作的数据结构。**游标让 SQL 这种面向集合的语言有了面向过程开发的能力。**

在 SQL 中，游标是一种临时的数据库对象，可以指向存储在数据库表中的数据行指针。这里游标`充当了指针的作用`，我们可以通过操作游标来对数据行进行操作。

MySQL中游标可以在存储过程和函数中使用。

比如，我们查询了 employee 数据表中工资高于15000的员工都有哪些：
```sql
SELECT employee_id,last_name,salary FROM employee
WHERE salary > 15000;
```
这里我们就可以通过游标来操作数据行，如图所示此时游标所在的行是“108”的记录，我们也可以在结果集上滚动游标，指向结果集中的任意一行。
### 4.2 使用游标步骤
游标必须在声明处理程序之前被声明，并且变量和条件还必须在声明游标或处理程序之前被声明。

如果我们想要使用游标，一般需要经历四个步骤。不同的 DBMS 中，使用游标的语法可能略有不同。

**第一步，声明游标**

在MySQL中，使用DECLARE关键字来声明游标，其语法的基本形式如下：
```sql
DECLARE cursor_name CURSOR FOR select_statement;
```
这个语法适用于 MySQL，SQL Server，DB2 和 MariaDB。如果是用 Oracle 或者 PostgreSQL，需要写成：
```sql
DECLARE cursor_name CURSOR IS select_statement;
```
要使用 SELECT 语句来获取数据结果集，而此时还没有开始遍历数据，这里 select_statement 代表的是 SELECT 语句，返回一个用于创建游标的结果集。

比如：
```sql
DECLARE cur_emp CURSOR FOR 
SELECT employee_id,salary FROM employee;

DECLARE cursor_fruit CURSOR FOR 
SELECT f_name, f_price FROM fruits;
```
**第二步，打开游标**

打开游标的语法如下：
```sql
OPEN cursor_name
```
当我们定义好游标之后，如果想要使用游标，必须先打开游标。打开游标的时候 SELECT 语句的查询结果集就会送到游标工作区，为后面游标的`逐条读取`结果集中的记录做准备。
```sql
OPEN　cur_emp;
```
**第三步，使用游标（从游标中取得数据）**

语法如下：
```sql
FETCH cursor_name INTO var_name [, var_name] ...
```
这句的作用是使用 cursor_name 这个游标来读取当前行，并且将数据保存到 var_name 这个变量中，游标指针指到下一行。如果游标读取的数据行有多个列名，则在 INTO 关键字后面赋值给多个变量名即可。

注意：var_name必须在声明游标之前就定义好。
```sql
FETCH　cur_emp INTO emp_id, emp_sal;
```
注意：**游标的查询结果集中的字段数，必须跟 INTO 后面的变量数一致**，否则，在存储过程执行的时候，MySQL 会提示错误。

**第四步，关闭游标**
```sql
CLOSE cursor_name
```
有 OPEN 就会有 CLOSE，也就是打开和关闭游标。当我们使用完游标后需要关闭掉该游标。因为游标会`占用系统资源`，如果不及时关闭，**游标会一直保持到存储过程结束**，影响系统运行的效率。而关闭游标的操作，会释放游标占用的系统资源。

关闭游标之后，我们就不能再检索查询结果中的数据行，如果需要检索只能再次打开游标。
```sql
CLOSE　cur_emp;
```
### 4.3 举例
创建存储过程“get_count_by_limit_total_salary()”，声明IN参数 limit_total_salary，DOUBLE类型；声明OUT参数total_count，INT类型。函数的功能可以实现累加薪资最高的几个员工的薪资值，直到薪资总和达到limit_total_salary参数的值，返回累加的人数给total_count。
```sql
DELIMITER //

CREATE PROCEDURE get_count_by_limit_total_salary(IN limit_total_salary DOUBLE,OUT total_count INT)

BEGIN
	DECLARE sum_salary DOUBLE DEFAULT 0;  -- 记录累加的总工资
	DECLARE cursor_salary DOUBLE DEFAULT 0; -- 记录某一个工资值
	DECLARE emp_count INT DEFAULT 0; -- 记录循环个数
	-- 定义游标
	DECLARE emp_cursor CURSOR FOR SELECT salary FROM employee ORDER BY salary DESC;
	-- 打开游标
	OPEN emp_cursor;
	
	REPEAT
		-- 使用游标（从游标中获取数据）
		FETCH emp_cursor INTO cursor_salary;
		
		SET sum_salary = sum_salary + cursor_salary;
		SET emp_count = emp_count + 1;
		
		UNTIL sum_salary >= limit_total_salary
	END REPEAT;
	
	SET total_count = emp_count;
	-- 关闭游标
	CLOSE emp_cursor;
	
END //

DELIMITER ;
```
### 4.5 小结
游标是 MySQL 的一个重要的功能，为`逐条读取`结果集中的数据，提供了完美的解决方案。跟在应用层面实现相同的功能相比，游标可以在存储程序中使用，效率高，程序也更加简洁。

但同时也会带来一些性能问题，比如在使用游标的过程中，会对数据行进行`加锁`，这样在业务并发量大的时候，不仅会影响业务之间的效率，还会`消耗系统资源`，造成内存不足，这是因为游标是在内存中进行的处理。

建议：养成用完之后就关闭的习惯，这样才能提高系统的整体效率。
## 5. 触发器

### 5.1 触发器概述

MySQL从`5.0.2`版本开始支持触发器。MySQL的触发器和存储过程一样，都是嵌入到MySQL服务器的一段程序。

触发器是由`事件来触发`某个操作，这些事件包括`INSERT`、`UPDATE`、`DELETE`事件。所谓事件就是指用户的动作或者触发某项行为。如果定义了触发程序，当数据库执行这些语句时候，就相当于事件发生了，就会`自动`激发触发器执行相应的操作。

当对数据表中的数据执行插入、更新和删除操作，需要自动执行一些数据库逻辑时，可以使用触发器来实现。

### 5.2 触发器的创建

#### 创建触发器语法

创建触发器的语法结构是：

```sql
CREATE TRIGGER 触发器名称 
{BEFORE|AFTER} {INSERT|UPDATE|DELETE} ON 表名 
FOR EACH ROW 
触发器执行的语句块;
```

说明：

-  `表名`：表示触发器监控的对象。 
-  `BEFORE|AFTER`：表示触发的时间。BEFORE 表示在事件之前触发；AFTER 表示在事件之后触发。 
-  `INSERT|UPDATE|DELETE`：表示触发的事件。 
   - INSERT 表示插入记录时触发；
   - UPDATE 表示更新记录时触发；
   - DELETE 表示删除记录时触发。
-  `触发器执行的语句块`：可以是单条SQL语句，也可以是由BEGIN…END结构组成的复合语句块。 

#### 代码举例

**举例1：**

1、创建数据表：

```sql
CREATE TABLE test_trigger (
id INT PRIMARY KEY AUTO_INCREMENT,
t_note VARCHAR(30)
);


CREATE TABLE test_trigger_log (
id INT PRIMARY KEY AUTO_INCREMENT,
t_log VARCHAR(30)
);
```

2、创建触发器：创建名称为before_insert的触发器，向test_trigger数据表插入数据之前，向test_trigger_log数据表中插入before_insert的日志信息。

```sql
DELIMITER //

CREATE TRIGGER before_insert
BEFORE INSERT ON test_trigger 
FOR EACH ROW
BEGIN
	INSERT INTO test_trigger_log (t_log)
	VALUES('before_insert');

END //

DELIMITER ;
```

3、向test_trigger数据表中插入数据

```sql
INSERT INTO test_trigger (t_note) VALUES ('测试 BEFORE INSERT 触发器');
```

4、查看test_trigger_log数据表中的数据

```sql
mysql> SELECT * FROM test_trigger_log;
+----+---------------+
| id | t_log         |
+----+---------------+
|  1 | before_insert |
+----+---------------+
```

**举例2：**

1、创建名称为after_insert的触发器，向test_trigger数据表插入数据之后，向test_trigger_log数据表中插入after_insert的日志信息。

```sql
DELIMITER //

CREATE TRIGGER after_insert
AFTER INSERT ON test_trigger
FOR EACH ROW
BEGIN
	INSERT INTO test_trigger_log (t_log)
	VALUES('after_insert');
END //

DELIMITER ;
```

2、向test_trigger数据表中插入数据。

```sql
INSERT INTO test_trigger (t_note) VALUES ('测试 AFTER INSERT 触发器');
```

3、查看test_trigger_log数据表中的数据

```sql
mysql> SELECT * FROM test_trigger_log;
+----+---------------+
| id | t_log         |
+----+---------------+
|  1 | before_insert |
|  2 | before_insert |
|  3 | after_insert  |
+----+---------------+
```

**举例3：** 定义触发器“salary_check_trigger”，基于员工表“employee”的INSERT事件，在INSERT之前检查将要添加的新员工薪资是否大于他领导的薪资，如果大于领导薪资，则报sqlstate_value为'HY000'的错误，从而使得添加失败。

```sql
DELIMITER //

CREATE TRIGGER salary_check_trigger
BEFORE INSERT ON employee FOR EACH ROW
BEGIN
	DECLARE mgrsalary DOUBLE;
	SELECT salary INTO mgrsalary FROM employee WHERE employee_id = NEW.manager_id;

	IF NEW.salary > mgrsalary THEN
		SIGNAL SQLSTATE 'HY000' SET MESSAGE_TEXT = '薪资高于领导薪资错误';
	END IF;
END //

DELIMITER ;
```

上面触发器声明过程中的NEW关键字代表INSERT添加语句的新记录。

### 5.3 查看、删除触发器

#### 查看触发器

查看触发器是查看数据库中已经存在的触发器的定义、状态和语法信息等。

方式1：查看当前数据库的所有触发器的定义

```sql
SHOW TRIGGERS\G
```

方式2：查看当前数据库中某个触发器的定义

```sql
SHOW CREATE TRIGGER 触发器名;
```

方式3：从系统库information_schema的TRIGGERS表中查询“salary_check_trigger”触发器的信息。

```sql
SELECT * FROM information_schema.TRIGGERS;
```

#### 删除触发器

触发器也是数据库对象，删除触发器也用DROP语句，语法格式如下：

```sql
DROP TRIGGER  IF EXISTS 触发器名称;
```

### 5.4 触发器的优缺点

#### 优点

**1、触发器可以确保数据的完整性**。

假设我们用`进货单头表`（demo.importhead）来保存进货单的总体信息，包括进货单编号、供货商编号、仓库编号、总计进货数量、总计进货金额和验收日期。

![image.png](./assets/Z24TWd.png)

用`进货单明细表`（demo.importdetails）来保存进货商品的明细，包括进货单编号、商品编号、进货数量、进货价格和进货金额。

![image.png](./assets/LfsQKl.png)

每当我们录入、删除和修改一条进货单明细数据的时候，进货单明细表里的数据就会发生变动。这个时候，在进货单头表中的总计数量和总计金额就必须重新计算，否则，进货单头表中的总计数量和总计金额就不等于进货单明细表中数量合计和金额合计了，这就是数据不一致。

为了解决这个问题，我们就可以使用触发器，**规定每当进货单明细表有数据插入、修改和删除的操作时，自动触发 2 步操作：**

1）重新计算进货单明细表中的数量合计和金额合计；

2）用第一步中计算出来的值更新进货单头表中的合计数量与合计金额。

这样一来，进货单头表中的合计数量与合计金额的值，就始终与进货单明细表中计算出来的合计数量与合计金额的值相同，数据就是一致的，不会互相矛盾。

**2、触发器可以帮助我们记录操作日志。**

利用触发器，可以具体记录什么时间发生了什么。比如，记录修改会员储值金额的触发器，就是一个很好的例子。这对我们还原操作执行时的具体场景，更好地定位问题原因很有帮助。

**3、触发器还可以用在操作数据前，对数据进行合法性检查。**

比如，超市进货的时候，需要库管录入进货价格。但是，人为操作很容易犯错误，比如说在录入数量的时候，把条形码扫进去了；录入金额的时候，看串了行，录入的价格远超售价，导致账面上的巨亏……这些都可以通过触发器，在实际插入或者更新操作之前，对相应的数据进行检查，及时提示错误，防止错误数据进入系统。

#### 缺点

**1、触发器最大的一个问题就是可读性差。**

因为触发器存储在数据库中，并且由事件驱动，这就意味着触发器有可能`不受应用层的控制`。这对系统维护是非常有挑战的。

比如，创建触发器用于修改会员储值操作。如果触发器中的操作出了问题，会导致会员储值金额更新失败。我用下面的代码演示一下：

```sql
mysql> update demo.membermaster set memberdeposit=20 where memberid = 2;
ERROR 1054 (42S22): Unknown column 'aa' in 'field list'
```

结果显示，系统提示错误，字段“aa”不存在。

这是因为，触发器中的数据插入操作多了一个字段，系统提示错误。可是，如果你不了解这个触发器，很可能会认为是更新语句本身的问题，或者是会员信息表的结构出了问题。说不定你还会给会员信息表添加一个叫“aa”的字段，试图解决这个问题，结果只能是白费力。

**2、相关数据的变更，可能会导致触发器出错。**

特别是数据表结构的变更，都可能会导致触发器出错，进而影响数据操作的正常运行。这些都会由于触发器本身的隐蔽性，影响到应用中错误原因排查的效率。

#### 注意点

::: warning

如果在子表中定义了外键约束，并且外键指定了ON UPDATE/DELETE CASCADE/SET NULL子句，此时修改父表被引用的键值或删除父表被引用的记录行时，也会引起子表的修改和删除操作，此时基于子表的UPDATE和DELETE语句定义的触发器并不会被激活。

例如：基于子表员工表（t_employee）的DELETE语句定义了触发器t1，而子表的部门编号（did）字段定义了外键约束引用了父表部门表（t_department）的主键列部门编号（did），并且该外键加了“ON DELETE SET NULL”子句，那么如果此时删除父表部门表（t_department）在子表员工表（t_employee）有匹配记录的部门记录时，会引起子表员工表（t_employee）匹配记录的部门编号（did）修改为NULL，但是此时不会激活触发器t1。只有直接对子表员工表（t_employee）执行DELETE语句时才会激活触发器t1。

:::
